This is pdfTeX, Version 3.141592653-2.6-1.40.25 (TeX Live 2023/Debian) (preloaded format=pdflatex 2026.5.5)  13 MAY 2026 03:07
entering extended mode
 restricted \write18 enabled.
 %&-line parsing enabled.
**main.tex
(./main.tex
LaTeX2e <2023-11-01> patch level 1
L3 programming layer <2024-01-22>
(/usr/share/texlive/texmf-dist/tex/latex/base/article.cls
Document Class: article 2023/05/17 v1.4n Standard LaTeX document class
(/usr/share/texlive/texmf-dist/tex/latex/base/size11.clo
File: size11.clo 2023/05/17 v1.4n Standard LaTeX file (size option)
)
\c@part=\count187
\c@section=\count188
\c@subsection=\count189
\c@subsubsection=\count190
\c@paragraph=\count191
\c@subparagraph=\count192
\c@figure=\count193
\c@table=\count194
\abovecaptionskip=\skip48
\belowcaptionskip=\skip49
\bibindent=\dimen140
)
(/usr/share/texlive/texmf-dist/tex/latex/geometry/geometry.sty
Package: geometry 2020/01/02 v5.9 Page Geometry

(/usr/share/texlive/texmf-dist/tex/latex/graphics/keyval.sty
Package: keyval 2022/05/29 v1.15 key=value parser (DPC)
\KV@toks@=\toks17
)
(/usr/share/texlive/texmf-dist/tex/generic/iftex/ifvtex.sty
Package: ifvtex 2019/10/25 v1.7 ifvtex legacy package. Use iftex instead.

(/usr/share/texlive/texmf-dist/tex/generic/iftex/iftex.sty
Package: iftex 2022/02/03 v1.0f TeX engine tests
))
\Gm@cnth=\count195
\Gm@cntv=\count196
\c@Gm@tempcnt=\count197
\Gm@bindingoffset=\dimen141
\Gm@wd@mp=\dimen142
\Gm@odd@mp=\dimen143
\Gm@even@mp=\dimen144
\Gm@layoutwidth=\dimen145
\Gm@layoutheight=\dimen146
\Gm@layouthoffset=\dimen147
\Gm@layoutvoffset=\dimen148
\Gm@dimlist=\toks18
)
(/usr/share/texlive/texmf-dist/tex/latex/amsmath/amsmath.sty
Package: amsmath 2023/05/13 v2.17o AMS math features
\@mathmargin=\skip50

For additional information on amsmath, use the `?' option.
(/usr/share/texlive/texmf-dist/tex/latex/amsmath/amstext.sty
Package: amstext 2021/08/26 v2.01 AMS text

(/usr/share/texlive/texmf-dist/tex/latex/amsmath/amsgen.sty
File: amsgen.sty 1999/11/30 v2.0 generic functions
\@emptytoks=\toks19
\ex@=\dimen149
))
(/usr/share/texlive/texmf-dist/tex/latex/amsmath/amsbsy.sty
Package: amsbsy 1999/11/29 v1.2d Bold Symbols
\pmbraise@=\dimen150
)
(/usr/share/texlive/texmf-dist/tex/latex/amsmath/amsopn.sty
Package: amsopn 2022/04/08 v2.04 operator names
)
\inf@bad=\count198
LaTeX Info: Redefining \frac on input line 234.
\uproot@=\count199
\leftroot@=\count266
LaTeX Info: Redefining \overline on input line 399.
LaTeX Info: Redefining \colon on input line 410.
\classnum@=\count267
\DOTSCASE@=\count268
LaTeX Info: Redefining \ldots on input line 496.
LaTeX Info: Redefining \dots on input line 499.
LaTeX Info: Redefining \cdots on input line 620.
\Mathstrutbox@=\box51
\strutbox@=\box52
LaTeX Info: Redefining \big on input line 722.
LaTeX Info: Redefining \Big on input line 723.
LaTeX Info: Redefining \bigg on input line 724.
LaTeX Info: Redefining \Bigg on input line 725.
\big@size=\dimen151
LaTeX Font Info:    Redeclaring font encoding OML on input line 743.
LaTeX Font Info:    Redeclaring font encoding OMS on input line 744.
\macc@depth=\count269
LaTeX Info: Redefining \bmod on input line 905.
LaTeX Info: Redefining \pmod on input line 910.
LaTeX Info: Redefining \smash on input line 940.
LaTeX Info: Redefining \relbar on input line 970.
LaTeX Info: Redefining \Relbar on input line 971.
\c@MaxMatrixCols=\count270
\dotsspace@=\muskip16
\c@parentequation=\count271
\dspbrk@lvl=\count272
\tag@help=\toks20
\row@=\count273
\column@=\count274
\maxfields@=\count275
\andhelp@=\toks21
\eqnshift@=\dimen152
\alignsep@=\dimen153
\tagshift@=\dimen154
\tagwidth@=\dimen155
\totwidth@=\dimen156
\lineht@=\dimen157
\@envbody=\toks22
\multlinegap=\skip51
\multlinetaggap=\skip52
\mathdisplay@stack=\toks23
LaTeX Info: Redefining \[ on input line 2953.
LaTeX Info: Redefining \] on input line 2954.
)
(/usr/share/texlive/texmf-dist/tex/latex/amsfonts/amssymb.sty
Package: amssymb 2013/01/14 v3.01 AMS font symbols

(/usr/share/texlive/texmf-dist/tex/latex/amsfonts/amsfonts.sty
Package: amsfonts 2013/01/14 v3.01 Basic AMSFonts support
\symAMSa=\mathgroup4
\symAMSb=\mathgroup5
LaTeX Font Info:    Redeclaring math symbol \hbar on input line 98.
LaTeX Font Info:    Overwriting math alphabet `\mathfrak' in version `bold'
(Font)                  U/euf/m/n --> U/euf/b/n on input line 106.
))
(/usr/share/texlive/texmf-dist/tex/latex/amscls/amsthm.sty
Package: amsthm 2020/05/29 v2.20.6
\thm@style=\toks24
\thm@bodyfont=\toks25
\thm@headfont=\toks26
\thm@notefont=\toks27
\thm@headpunct=\toks28
\thm@preskip=\skip53
\thm@postskip=\skip54
\thm@headsep=\skip55
\dth@everypar=\toks29
)
(/usr/share/texlive/texmf-dist/tex/latex/graphics/graphicx.sty
Package: graphicx 2021/09/16 v1.2d Enhanced LaTeX Graphics (DPC,SPQR)

(/usr/share/texlive/texmf-dist/tex/latex/graphics/graphics.sty
Package: graphics 2022/03/10 v1.4e Standard LaTeX Graphics (DPC,SPQR)

(/usr/share/texlive/texmf-dist/tex/latex/graphics/trig.sty
Package: trig 2021/08/11 v1.11 sin cos tan (DPC)
)
(/usr/share/texlive/texmf-dist/tex/latex/graphics-cfg/graphics.cfg
File: graphics.cfg 2016/06/04 v1.11 sample graphics configuration
)
Package graphics Info: Driver file: pdftex.def on input line 107.

(/usr/share/texlive/texmf-dist/tex/latex/graphics-def/pdftex.def
File: pdftex.def 2022/09/22 v1.2b Graphics/color driver for pdftex
))
\Gin@req@height=\dimen158
\Gin@req@width=\dimen159
)
(/usr/share/texlive/texmf-dist/tex/latex/booktabs/booktabs.sty
Package: booktabs 2020/01/12 v1.61803398 Publication quality tables
\heavyrulewidth=\dimen160
\lightrulewidth=\dimen161
\cmidrulewidth=\dimen162
\belowrulesep=\dimen163
\belowbottomsep=\dimen164
\aboverulesep=\dimen165
\abovetopsep=\dimen166
\cmidrulesep=\dimen167
\cmidrulekern=\dimen168
\defaultaddspace=\dimen169
\@cmidla=\count276
\@cmidlb=\count277
\@aboverulesep=\dimen170
\@belowrulesep=\dimen171
\@thisruleclass=\count278
\@lastruleclass=\count279
\@thisrulewidth=\dimen172
)
(/usr/share/texlive/texmf-dist/tex/latex/hyperref/hyperref.sty
Package: hyperref 2024-01-20 v7.01h Hypertext links for LaTeX

(/usr/share/texlive/texmf-dist/tex/latex/kvsetkeys/kvsetkeys.sty
Package: kvsetkeys 2022-10-05 v1.19 Key value parser (HO)
)
(/usr/share/texlive/texmf-dist/tex/generic/kvdefinekeys/kvdefinekeys.sty
Package: kvdefinekeys 2019-12-19 v1.6 Define keys (HO)
)
(/usr/share/texlive/texmf-dist/tex/generic/pdfescape/pdfescape.sty
Package: pdfescape 2019/12/09 v1.15 Implements pdfTeX's escape features (HO)

(/usr/share/texlive/texmf-dist/tex/generic/ltxcmds/ltxcmds.sty
Package: ltxcmds 2023-12-04 v1.26 LaTeX kernel commands for general use (HO)
)
(/usr/share/texlive/texmf-dist/tex/generic/pdftexcmds/pdftexcmds.sty
Package: pdftexcmds 2020-06-27 v0.33 Utility functions of pdfTeX for LuaTeX (HO
)

(/usr/share/texlive/texmf-dist/tex/generic/infwarerr/infwarerr.sty
Package: infwarerr 2019/12/03 v1.5 Providing info/warning/error messages (HO)
)
Package pdftexcmds Info: \pdf@primitive is available.
Package pdftexcmds Info: \pdf@ifprimitive is available.
Package pdftexcmds Info: \pdfdraftmode found.
))
(/usr/share/texlive/texmf-dist/tex/latex/hycolor/hycolor.sty
Package: hycolor 2020-01-27 v1.10 Color options for hyperref/bookmark (HO)
)
(/usr/share/texlive/texmf-dist/tex/latex/auxhook/auxhook.sty
Package: auxhook 2019-12-17 v1.6 Hooks for auxiliary files (HO)
)
(/usr/share/texlive/texmf-dist/tex/latex/hyperref/nameref.sty
Package: nameref 2023-11-26 v2.56 Cross-referencing by name of section

(/usr/share/texlive/texmf-dist/tex/latex/refcount/refcount.sty
Package: refcount 2019/12/15 v3.6 Data extraction from label references (HO)
)
(/usr/share/texlive/texmf-dist/tex/generic/gettitlestring/gettitlestring.sty
Package: gettitlestring 2019/12/15 v1.6 Cleanup title references (HO)

(/usr/share/texlive/texmf-dist/tex/latex/kvoptions/kvoptions.sty
Package: kvoptions 2022-06-15 v3.15 Key value format for package options (HO)
))
\c@section@level=\count280
)
(/usr/share/texlive/texmf-dist/tex/latex/etoolbox/etoolbox.sty
Package: etoolbox 2020/10/05 v2.5k e-TeX tools for LaTeX (JAW)
\etb@tempcnta=\count281
)
\@linkdim=\dimen173
\Hy@linkcounter=\count282
\Hy@pagecounter=\count283

(/usr/share/texlive/texmf-dist/tex/latex/hyperref/pd1enc.def
File: pd1enc.def 2024-01-20 v7.01h Hyperref: PDFDocEncoding definition (HO)
Now handling font encoding PD1 ...
... no UTF-8 mapping file for font encoding PD1
)
(/usr/share/texlive/texmf-dist/tex/generic/intcalc/intcalc.sty
Package: intcalc 2019/12/15 v1.3 Expandable calculations with integers (HO)
)
\Hy@SavedSpaceFactor=\count284

(/usr/share/texlive/texmf-dist/tex/latex/hyperref/puenc.def
File: puenc.def 2024-01-20 v7.01h Hyperref: PDF Unicode definition (HO)
Now handling font encoding PU ...
... no UTF-8 mapping file for font encoding PU
)
Package hyperref Info: Hyper figures OFF on input line 4179.
Package hyperref Info: Link nesting OFF on input line 4184.
Package hyperref Info: Hyper index ON on input line 4187.
Package hyperref Info: Plain pages OFF on input line 4194.
Package hyperref Info: Backreferencing OFF on input line 4199.
Package hyperref Info: Implicit mode ON; LaTeX internals redefined.
Package hyperref Info: Bookmarks ON on input line 4446.
\c@Hy@tempcnt=\count285

(/usr/share/texlive/texmf-dist/tex/latex/url/url.sty
\Urlmuskip=\muskip17
Package: url 2013/09/16  ver 3.4  Verb mode for urls, etc.
)
LaTeX Info: Redefining \url on input line 4784.
\XeTeXLinkMargin=\dimen174

(/usr/share/texlive/texmf-dist/tex/generic/bitset/bitset.sty
Package: bitset 2019/12/09 v1.3 Handle bit-vector datatype (HO)

(/usr/share/texlive/texmf-dist/tex/generic/bigintcalc/bigintcalc.sty
Package: bigintcalc 2019/12/15 v1.5 Expandable calculations on big integers (HO
)
))
\Fld@menulength=\count286
\Field@Width=\dimen175
\Fld@charsize=\dimen176
Package hyperref Info: Hyper figures OFF on input line 6063.
Package hyperref Info: Link nesting OFF on input line 6068.
Package hyperref Info: Hyper index ON on input line 6071.
Package hyperref Info: backreferencing OFF on input line 6078.
Package hyperref Info: Link coloring OFF on input line 6083.
Package hyperref Info: Link coloring with OCG OFF on input line 6088.
Package hyperref Info: PDF/A mode OFF on input line 6093.

(/usr/share/texlive/texmf-dist/tex/latex/base/atbegshi-ltx.sty
Package: atbegshi-ltx 2021/01/10 v1.0c Emulation of the original atbegshi
package with kernel methods
)
\Hy@abspage=\count287
\c@Item=\count288
\c@Hfootnote=\count289
)
Package hyperref Info: Driver (autodetected): hpdftex.

(/usr/share/texlive/texmf-dist/tex/latex/hyperref/hpdftex.def
File: hpdftex.def 2024-01-20 v7.01h Hyperref driver for pdfTeX

(/usr/share/texlive/texmf-dist/tex/latex/base/atveryend-ltx.sty
Package: atveryend-ltx 2020/08/19 v1.0a Emulation of the original atveryend pac
kage
with kernel methods
)
\Fld@listcount=\count290
\c@bookmark@seq@number=\count291

(/usr/share/texlive/texmf-dist/tex/latex/rerunfilecheck/rerunfilecheck.sty
Package: rerunfilecheck 2022-07-10 v1.10 Rerun checks for auxiliary files (HO)

(/usr/share/texlive/texmf-dist/tex/generic/uniquecounter/uniquecounter.sty
Package: uniquecounter 2019/12/15 v1.4 Provide unlimited unique counter (HO)
)
Package uniquecounter Info: New unique counter `rerunfilecheck' on input line 2
85.
)
\Hy@SectionHShift=\skip56
)
(/usr/share/texlive/texmf-dist/tex/latex/cleveref/cleveref.sty
Package: cleveref 2018/03/27 v0.21.4 Intelligent cross-referencing
Package cleveref Info: `hyperref' support loaded on input line 2370.
LaTeX Info: Redefining \cref on input line 2370.
LaTeX Info: Redefining \Cref on input line 2370.
LaTeX Info: Redefining \crefrange on input line 2370.
LaTeX Info: Redefining \Crefrange on input line 2370.
LaTeX Info: Redefining \cpageref on input line 2370.
LaTeX Info: Redefining \Cpageref on input line 2370.
LaTeX Info: Redefining \cpagerefrange on input line 2370.
LaTeX Info: Redefining \Cpagerefrange on input line 2370.
LaTeX Info: Redefining \labelcref on input line 2370.
LaTeX Info: Redefining \labelcpageref on input line 2370.
Package cleveref Info: `amsthm' support loaded on input line 3026.
)
(/usr/share/texlive/texmf-dist/tex/latex/xcolor/xcolor.sty
Package: xcolor 2023/11/15 v3.01 LaTeX color extensions (UK)

(/usr/share/texlive/texmf-dist/tex/latex/graphics-cfg/color.cfg
File: color.cfg 2016/01/02 v1.6 sample color configuration
)
Package xcolor Info: Driver file: pdftex.def on input line 274.

(/usr/share/texlive/texmf-dist/tex/latex/graphics/mathcolor.ltx)
Package xcolor Info: Model `cmy' substituted by `cmy0' on input line 1350.
Package xcolor Info: Model `hsb' substituted by `rgb' on input line 1354.
Package xcolor Info: Model `RGB' extended on input line 1366.
Package xcolor Info: Model `HTML' substituted by `rgb' on input line 1368.
Package xcolor Info: Model `Hsb' substituted by `hsb' on input line 1369.
Package xcolor Info: Model `tHsb' substituted by `hsb' on input line 1370.
Package xcolor Info: Model `HSB' substituted by `hsb' on input line 1371.
Package xcolor Info: Model `Gray' substituted by `gray' on input line 1372.
Package xcolor Info: Model `wave' substituted by `hsb' on input line 1373.
)
(/usr/share/texlive/texmf-dist/tex/latex/microtype/microtype.sty
Package: microtype 2023/03/13 v3.1a Micro-typographical refinements (RS)
\MT@toks=\toks30
\MT@tempbox=\box53
\MT@count=\count292
LaTeX Info: Redefining \noprotrusionifhmode on input line 1059.
LaTeX Info: Redefining \leftprotrusion on input line 1060.
\MT@prot@toks=\toks31
LaTeX Info: Redefining \rightprotrusion on input line 1078.
LaTeX Info: Redefining \textls on input line 1368.
\MT@outer@kern=\dimen177
LaTeX Info: Redefining \textmicrotypecontext on input line 1988.
\MT@listname@count=\count293

(/usr/share/texlive/texmf-dist/tex/latex/microtype/microtype-pdftex.def
File: microtype-pdftex.def 2023/03/13 v3.1a Definitions specific to pdftex (RS)

LaTeX Info: Redefining \lsstyle on input line 902.
LaTeX Info: Redefining \lslig on input line 902.
\MT@outer@space=\skip57
)
Package microtype Info: Loading configuration file microtype.cfg.

(/usr/share/texlive/texmf-dist/tex/latex/microtype/microtype.cfg
File: microtype.cfg 2023/03/13 v3.1a microtype main configuration file (RS)
))
(/usr/share/texlive/texmf-dist/tex/latex/natbib/natbib.sty
Package: natbib 2010/09/13 8.31b (PWD, AO)
\bibhang=\skip58
\bibsep=\skip59
LaTeX Info: Redefining \cite on input line 694.
\c@NAT@ctr=\count294
)
(/usr/share/texlive/texmf-dist/tex/latex/algorithms/algorithm.sty
Package: algorithm 2009/08/24 v0.1 Document Style `algorithm' - floating enviro
nment

(/usr/share/texlive/texmf-dist/tex/latex/float/float.sty
Package: float 2001/11/08 v1.3d Float enhancements (AL)
\c@float@type=\count295
\float@exts=\toks32
\float@box=\box54
\@float@everytoks=\toks33
\@floatcapt=\box55
)
(/usr/share/texlive/texmf-dist/tex/latex/base/ifthen.sty
Package: ifthen 2022/04/13 v1.1d Standard LaTeX ifthen package (DPC)
)
\@float@every@algorithm=\toks34
\c@algorithm=\count296
)
(/usr/share/texlive/texmf-dist/tex/latex/algorithmicx/algpseudocode.sty
Package: algpseudocode 

(/usr/share/texlive/texmf-dist/tex/latex/algorithmicx/algorithmicx.sty
Package: algorithmicx 2005/04/27 v1.2 Algorithmicx

Document Style algorithmicx 1.2 - a greatly improved `algorithmic' style
\c@ALG@line=\count297
\c@ALG@rem=\count298
\c@ALG@nested=\count299
\ALG@tlm=\skip60
\ALG@thistlm=\skip61
\c@ALG@Lnr=\count300
\c@ALG@blocknr=\count301
\c@ALG@storecount=\count302
\c@ALG@tmpcounter=\count303
\ALG@tmplength=\skip62
)
Document Style - pseudocode environments for use with the `algorithmicx' style
) (/usr/share/texlive/texmf-dist/tex/latex/multirow/multirow.sty
Package: multirow 2021/03/15 v2.8 Span multiple rows of a table
\multirow@colwidth=\skip63
\multirow@cntb=\count304
\multirow@dima=\skip64
\bigstrutjot=\dimen178
)
(/usr/share/texlive/texmf-dist/tex/latex/tools/array.sty
Package: array 2023/10/16 v2.5g Tabular extension package (FMi)
\col@sep=\dimen179
\ar@mcellbox=\box56
\extrarowheight=\dimen180
\NC@list=\toks35
\extratabsurround=\skip65
\backup@length=\skip66
\ar@cellbox=\box57
)
(/usr/share/texlive/texmf-dist/tex/latex/enumitem/enumitem.sty
Package: enumitem 2019/06/20 v3.9 Customized lists
\labelindent=\skip67
\enit@outerparindent=\dimen181
\enit@toks=\toks36
\enit@inbox=\box58
\enit@count@id=\count305
\enitdp@description=\count306
)
Package hyperref Info: Option `colorlinks' set `true' on input line 23.

(/usr/share/texlive/texmf-dist/tex/latex/l3backend/l3backend-pdftex.def
File: l3backend-pdftex.def 2024-01-04 L3 backend support: PDF output (pdfTeX)
\l__color_backend_stack_int=\count307
\l__pdf_internal_box=\box59
)
(./main.aux)
\openout1 = `main.aux'.

LaTeX Font Info:    Checking defaults for OML/cmm/m/it on input line 41.
LaTeX Font Info:    ... okay on input line 41.
LaTeX Font Info:    Checking defaults for OMS/cmsy/m/n on input line 41.
LaTeX Font Info:    ... okay on input line 41.
LaTeX Font Info:    Checking defaults for OT1/cmr/m/n on input line 41.
LaTeX Font Info:    ... okay on input line 41.
LaTeX Font Info:    Checking defaults for T1/cmr/m/n on input line 41.
LaTeX Font Info:    ... okay on input line 41.
LaTeX Font Info:    Checking defaults for TS1/cmr/m/n on input line 41.
LaTeX Font Info:    ... okay on input line 41.
LaTeX Font Info:    Checking defaults for OMX/cmex/m/n on input line 41.
LaTeX Font Info:    ... okay on input line 41.
LaTeX Font Info:    Checking defaults for U/cmr/m/n on input line 41.
LaTeX Font Info:    ... okay on input line 41.
LaTeX Font Info:    Checking defaults for PD1/pdf/m/n on input line 41.
LaTeX Font Info:    ... okay on input line 41.
LaTeX Font Info:    Checking defaults for PU/pdf/m/n on input line 41.
LaTeX Font Info:    ... okay on input line 41.

*geometry* driver: auto-detecting
*geometry* detected driver: pdftex
*geometry* verbose mode - [ preamble ] result:
* driver: pdftex
* paper: <default>
* layout: <same size as paper>
* layoutoffset:(h,v)=(0.0pt,0.0pt)
* modes: 
* h-part:(L,W,R)=(72.26999pt, 469.75502pt, 72.26999pt)
* v-part:(T,H,B)=(72.26999pt, 650.43001pt, 72.26999pt)
* \paperwidth=614.295pt
* \paperheight=794.96999pt
* \textwidth=469.75502pt
* \textheight=650.43001pt
* \oddsidemargin=0.0pt
* \evensidemargin=0.0pt
* \topmargin=-37.0pt
* \headheight=12.0pt
* \headsep=25.0pt
* \topskip=11.0pt
* \footskip=30.0pt
* \marginparwidth=59.0pt
* \marginparsep=10.0pt
* \columnsep=10.0pt
* \skip\footins=10.0pt plus 4.0pt minus 2.0pt
* \hoffset=0.0pt
* \voffset=0.0pt
* \mag=1000
* \@twocolumnfalse
* \@twosidefalse
* \@mparswitchfalse
* \@reversemarginfalse
* (1in=72.27pt=25.4mm, 1cm=28.453pt)

(/usr/share/texlive/texmf-dist/tex/context/base/mkii/supp-pdf.mkii
[Loading MPS to PDF converter (version 2006.09.02).]
\scratchcounter=\count308
\scratchdimen=\dimen182
\scratchbox=\box60
\nofMPsegments=\count309
\nofMParguments=\count310
\everyMPshowfont=\toks37
\MPscratchCnt=\count311
\MPscratchDim=\dimen183
\MPnumerator=\count312
\makeMPintoPDFobject=\count313
\everyMPtoPDFconversion=\toks38
) (/usr/share/texlive/texmf-dist/tex/latex/epstopdf-pkg/epstopdf-base.sty
Package: epstopdf-base 2020-01-24 v2.11 Base part for package epstopdf
Package epstopdf-base Info: Redefining graphics rule for `.eps' on input line 4
85.

(/usr/share/texlive/texmf-dist/tex/latex/latexconfig/epstopdf-sys.cfg
File: epstopdf-sys.cfg 2010/07/13 v1.3 Configuration of (r)epstopdf for TeX Liv
e
))
Package hyperref Info: Link coloring ON on input line 41.

(./main.out) (./main.out)
\@outlinefile=\write3
\openout3 = `main.out'.

LaTeX Info: Redefining \microtypecontext on input line 41.
Package microtype Info: Applying patch `item' on input line 41.
Package microtype Info: Applying patch `toc' on input line 41.
Package microtype Info: Applying patch `eqnum' on input line 41.
Package microtype Info: Applying patch `footnote' on input line 41.
Package microtype Info: Applying patch `verbatim' on input line 41.
Package microtype Info: Generating PDF output.
Package microtype Info: Character protrusion enabled (level 2).
Package microtype Info: Using default protrusion set `alltext'.
Package microtype Info: Automatic font expansion enabled (level 2),
(microtype)             stretch: 20, shrink: 20, step: 1, non-selected.
Package microtype Info: Using default expansion set `alltext-nott'.
LaTeX Info: Redefining \showhyphens on input line 41.
Package microtype Info: No adjustment of tracking.
Package microtype Info: No adjustment of interword spacing.
Package microtype Info: No adjustment of character kerning.

(/usr/share/texlive/texmf-dist/tex/latex/microtype/mt-cmr.cfg
File: mt-cmr.cfg 2013/05/19 v2.2 microtype config. file: Computer Modern Roman 
(RS)
)
LaTeX Font Info:    Trying to load font information for U+msa on input line 43.


(/usr/share/texlive/texmf-dist/tex/latex/amsfonts/umsa.fd
File: umsa.fd 2013/01/14 v3.01 AMS symbols A
)
(/usr/share/texlive/texmf-dist/tex/latex/microtype/mt-msa.cfg
File: mt-msa.cfg 2006/02/04 v1.1 microtype config. file: AMS symbols (a) (RS)
)
LaTeX Font Info:    Trying to load font information for U+msb on input line 43.


(/usr/share/texlive/texmf-dist/tex/latex/amsfonts/umsb.fd
File: umsb.fd 2013/01/14 v3.01 AMS symbols B
)
(/usr/share/texlive/texmf-dist/tex/latex/microtype/mt-msb.cfg
File: mt-msb.cfg 2005/06/01 v1.0 microtype config. file: AMS symbols (b) (RS)
)
Package microtype Info: Loading generic protrusion settings for font family
(microtype)             `cmtt' (encoding: OT1).
(microtype)             For optimal results, create family-specific settings.
(microtype)             See the microtype manual for details.
 [1

{/var/lib/texmf/fonts/map/pdftex/updmap/pdftex.map}]

Package natbib Warning: Citation `agrawal2018vqacp' on page 2 undefined on inpu
t line 54.


Package natbib Warning: Citation `thrush2022winoground' on page 2 undefined on 
input line 54.


Package natbib Warning: Citation `yuksekgonul2023aro' on page 2 undefined on in
put line 54.


Package natbib Warning: Citation `hsieh2023sugarcrepe' on page 2 undefined on i
nput line 54.


Package natbib Warning: Citation `ma2023crepe' on page 2 undefined on input lin
e 54.


Package natbib Warning: Citation `yin2019fourier' on page 2 undefined on input 
line 54.


Package natbib Warning: Citation `wang2020high' on page 2 undefined on input li
ne 54.


Package natbib Warning: Citation `tsuzuku2019structural' on page 2 undefined on
 input line 54.


Package natbib Warning: Citation `cao2020behind' on page 2 undefined on input l
ine 54.


Package natbib Warning: Citation `frank2021vision' on page 2 undefined on input
 line 54.


Package natbib Warning: Citation `parcalabescu2022valse' on page 2 undefined on
 input line 54.

[2] [3]

Package natbib Warning: Citation `hudson2019gqa' on page 4 undefined on input l
ine 67.


Package natbib Warning: Citation `johnson2017clevr' on page 4 undefined on inpu
t line 67.


Package natbib Warning: Citation `andreas2016neural' on page 4 undefined on inp
ut line 67.


Package natbib Warning: Citation `hu2017learning' on page 4 undefined on input 
line 67.


Package natbib Warning: Citation `kazemzadeh2014referitgame' on page 4 undefine
d on input line 67.


Package natbib Warning: Citation `mao2016generation' on page 4 undefined on inp
ut line 67.


Package natbib Warning: Citation `haladyna2004review' on page 4 undefined on in
put line 67.


Package natbib Warning: Citation `agrawal2018vqacp' on page 4 undefined on inpu
t line 77.


Package natbib Warning: Citation `goyal2017making' on page 4 undefined on input
 line 77.


Package natbib Warning: Citation `hudson2019gqa' on page 4 undefined on input l
ine 77.


Package natbib Warning: Citation `johnson2017clevr' on page 4 undefined on inpu
t line 77.


Package natbib Warning: Citation `thrush2022winoground' on page 4 undefined on 
input line 77.


Package natbib Warning: Citation `yuksekgonul2023aro' on page 4 undefined on in
put line 77.


Package natbib Warning: Citation `hsieh2023sugarcrepe' on page 4 undefined on i
nput line 77.


Package natbib Warning: Citation `ma2023crepe' on page 4 undefined on input lin
e 77.


Package natbib Warning: Citation `parcalabescu2022valse' on page 4 undefined on
 input line 77.


Package natbib Warning: Citation `thapliyal2022crossmodal' on page 4 undefined 
on input line 77.


Package natbib Warning: Citation `yin2019fourier' on page 4 undefined on input 
line 80.


Package natbib Warning: Citation `wang2020high' on page 4 undefined on input li
ne 80.


Package natbib Warning: Citation `tsuzuku2019structural' on page 4 undefined on
 input line 80.


Package natbib Warning: Citation `abello2021dissecting' on page 4 undefined on 
input line 80.


Package natbib Warning: Citation `geirhos2018imagenet' on page 4 undefined on i
nput line 80.


Package natbib Warning: Citation `chen2022amplitude' on page 4 undefined on inp
ut line 80.


Package natbib Warning: Citation `ortiz2021optimism' on page 4 undefined on inp
ut line 80.


Package natbib Warning: Citation `hendrycks2019benchmarking' on page 4 undefine
d on input line 83.


Package natbib Warning: Citation `kar20223d' on page 4 undefined on input line 
83.


Package natbib Warning: Citation `hendrycks2021many' on page 4 undefined on inp
ut line 83.


Package natbib Warning: Citation `barbu2019objectnet' on page 4 undefined on in
put line 83.

[4]

Package natbib Warning: Citation `cao2020behind' on page 5 undefined on input l
ine 86.


Package natbib Warning: Citation `frank2021vision' on page 5 undefined on input
 line 86.


Package natbib Warning: Citation `ilinykh2022attention' on page 5 undefined on 
input line 86.


Package natbib Warning: Citation `merullo2024language' on page 5 undefined on i
nput line 86.


Package natbib Warning: Citation `palit2023towards' on page 5 undefined on inpu
t line 86.


Package natbib Warning: Citation `basu2023localizing' on page 5 undefined on in
put line 86.


Package natbib Warning: Citation `andreas2016neural' on page 5 undefined on inp
ut line 89.


Package natbib Warning: Citation `hu2017learning' on page 5 undefined on input 
line 89.


Package natbib Warning: Citation `johnson2017clevr' on page 5 undefined on inpu
t line 89.


Package natbib Warning: Citation `hudson2019gqa' on page 5 undefined on input l
ine 89.


Package natbib Warning: Citation `yi2018neural' on page 5 undefined on input li
ne 89.


Package natbib Warning: Citation `kazemzadeh2014referitgame' on page 5 undefine
d on input line 89.


Package natbib Warning: Citation `mao2016generation' on page 5 undefined on inp
ut line 89.


Package natbib Warning: Citation `yu2016modeling' on page 5 undefined on input 
line 89.


Package natbib Warning: Citation `sclar2024quantifying' on page 5 undefined on 
input line 92.


Package natbib Warning: Citation `mizrahi2024state' on page 5 undefined on inpu
t line 92.


Package natbib Warning: Citation `salinas2024butterfly' on page 5 undefined on 
input line 92.


Package natbib Warning: Citation `anagnostidis2024susceptible' on page 5 undefi
ned on input line 92.


Package natbib Warning: Citation `yin2019fourier' on page 5 undefined on input 
line 104.


Package natbib Warning: Citation `wang2020high' on page 5 undefined on input li
ne 104.


Package natbib Warning: Citation `hendrycks2019benchmarking' on page 5 undefine
d on input line 105.


Package natbib Warning: Citation `thrush2022winoground' on page 5 undefined on 
input line 106.


Package natbib Warning: Citation `yuksekgonul2023aro' on page 5 undefined on in
put line 106.


Package natbib Warning: Citation `hudson2019gqa' on page 5 undefined on input l
ine 107.


Package natbib Warning: Citation `johnson2017clevr' on page 5 undefined on inpu
t line 107.


Package natbib Warning: Citation `sclar2024quantifying' on page 5 undefined on 
input line 108.


Package natbib Warning: Citation `mizrahi2024state' on page 5 undefined on inpu
t line 108.

[5
pdfTeX warning (ext4): destination with the same identifier (name{table.1}) has
 been already used, duplicate ignored
<argument> ...shipout:D \box_use:N \l_shipout_box 
                                                  \__shipout_drop_firstpage_...
l.119 
      ]

Package hyperref Warning: Token not allowed in a PDF string (Unicode):
(hyperref)                removing `math shift' on input line 123.


Package hyperref Warning: Token not allowed in a PDF string (Unicode):
(hyperref)                removing `subscript' on input line 123.


Package hyperref Warning: Token not allowed in a PDF string (Unicode):
(hyperref)                removing `\omega' on input line 123.


Package hyperref Warning: Token not allowed in a PDF string (Unicode):
(hyperref)                removing `math shift' on input line 123.

[6] [7{/usr/share/texmf/fonts/enc/dvips/cm-super/cm-super-ts1.enc}]
LaTeX Font Info:    Font shape `OT1/cmtt/bx/n' in size <10.95> not available
(Font)              Font shape `OT1/cmtt/m/n' tried instead on input line 158.

Overfull \hbox (37.52759pt too wide) in paragraph at lines 160--161
\OT1/cmr/m/n/10.95 (-20) biliser en-gaged). The cor-re-spond-ing gate is \OT1/c
mtt/m/n/10.95 exp2/hypothesis[]tests.json::wordy[]layerwise[]divergence\OT1/cmr
/m/n/10.95 (-20) ,
 []


Overfull \hbox (258.30931pt too wide) in paragraph at lines 160--161
\OT1/cmr/m/n/10.95 (-20) with tar-get \OT1/cmtt/m/n/10.95 mean[]abs[]delta[]lat
e > mean[]abs[]delta[]early\OT1/cmr/m/n/10.95 (-20) . The be-havioural side-eff
ect, \OT1/cmtt/m/n/10.95 exp1/hypothesis[]tests.json::wordy[]volatility[]reduct
ion
 []


Package hyperref Warning: Token not allowed in a PDF string (Unicode):
(hyperref)                removing `math shift' on input line 162.


Package hyperref Warning: Token not allowed in a PDF string (Unicode):
(hyperref)                removing `\Delta' on input line 162.


Package hyperref Warning: Token not allowed in a PDF string (Unicode):
(hyperref)                removing `\omega' on input line 162.


Package hyperref Warning: Token not allowed in a PDF string (Unicode):
(hyperref)                removing `math shift' on input line 162.


Package hyperref Warning: Token not allowed in a PDF string (Unicode):
(hyperref)                removing `math shift' on input line 182.


Package hyperref Warning: Token not allowed in a PDF string (Unicode):
(hyperref)                removing `subscript' on input line 182.


Package hyperref Warning: Token not allowed in a PDF string (Unicode):
(hyperref)                removing `math shift' on input line 182.

[8]

Package natbib Warning: Citation `hudson2019gqa' on page 9 undefined on input l
ine 190.


Package natbib Warning: Citation `johnson2017clevr' on page 9 undefined on inpu
t line 191.


Package natbib Warning: Citation `andreas2016neural' on page 9 undefined on inp
ut line 193.


Package natbib Warning: Citation `hu2017learning' on page 9 undefined on input 
line 193.


Package natbib Warning: Citation `kazemzadeh2014referitgame' on page 9 undefine
d on input line 195.


Package natbib Warning: Citation `mao2016generation' on page 9 undefined on inp
ut line 195.


Package natbib Warning: Citation `yu2016modeling' on page 9 undefined on input 
line 195.


Package natbib Warning: Citation `hudson2019gqa' on page 9 undefined on input l
ine 205.


Package natbib Warning: Citation `johnson2017clevr' on page 9 undefined on inpu
t line 205.


Package natbib Warning: Citation `kazemzadeh2014referitgame' on page 9 undefine
d on input line 205.


Package natbib Warning: Citation `mao2016generation' on page 9 undefined on inp
ut line 205.


Package natbib Warning: Citation `yu2016modeling' on page 9 undefined on input 
line 205.


Package natbib Warning: Citation `haladyna2004review' on page 9 undefined on in
put line 205.

[9]

Package hyperref Warning: Token not allowed in a PDF string (Unicode):
(hyperref)                removing `math shift' on input line 228.


Package hyperref Warning: Token not allowed in a PDF string (Unicode):
(hyperref)                removing `\Delta' on input line 228.


Package hyperref Warning: Token not allowed in a PDF string (Unicode):
(hyperref)                removing `math shift' on input line 228.

[10]

Package natbib Warning: Citation `wang2020high' on page 11 undefined on input l
ine 269.


Package natbib Warning: Citation `yin2019fourier' on page 11 undefined on input
 line 269.


Package natbib Warning: Citation `hendrycks2019benchmarking' on page 11 undefin
ed on input line 271.

[11]

Package natbib Warning: Citation `bai2023qwen' on page 12 undefined on input li
ne 274.


Package natbib Warning: Citation `yang2024qwen2' on page 12 undefined on input 
line 274.

[12]
Package hyperref Info: bookmark level for unknown algorithm defaults to 0 on in
put line 285.


LaTeX Warning: `h' float specifier changed to `ht'.

[13] [14
pdfTeX warning (ext4): destination with the same identifier (name{table.2}) has
 been already used, duplicate ignored
<argument> ...shipout:D \box_use:N \l_shipout_box 
                                                  \__shipout_drop_firstpage_...
l.357 
      ]

Package natbib Warning: Citation `sclar2024quantifying' on page 15 undefined on
 input line 358.


Package natbib Warning: Citation `mizrahi2024state' on page 15 undefined on inp
ut line 358.

[15]
Overfull \hbox (4.45895pt too wide) in paragraph at lines 403--404
\OT1/cmr/m/it/10.95 (-20) Prediction. \OT1/cmr/m/n/10.95 (-20) If $\OML/cmm/m/i
t/10.95 W[]\OT1/cmr/m/n/10.95 (-20) (\OML/cmm/m/it/10.95 !\OT1/cmr/m/n/10.95 (-
20) )[]$ is the ob-ject that me-di-ates per-tur-ba-tion dam-age, the over-lap $
\OMS/cmsy/m/n/10.95 h\OML/cmm/m/it/10.95 W[]\OT1/cmr/m/n/10.95 (-20) (\OML/cmm/
m/it/10.95 !\OT1/cmr/m/n/10.95 (-20) )[]\OML/cmm/m/it/10.95 ; \OT1/cmr/m/n/10.9
5 (-20) ^^A\OML/cmm/m/it/10.95 F\OT1/cmr/m/n/10.95 (-20) (\OML/cmm/m/it/10.95 !
\OT1/cmr/m/n/10.95 (-20) )\OMS/cmsy/m/n/10.95 i$
 []


Overfull \hbox (7.31018pt too wide) in paragraph at lines 406--417
 [] 
 []

[16] [17]
LaTeX Font Info:    Font shape `OT1/cmtt/bx/n' in size <10> not available
(Font)              Font shape `OT1/cmtt/m/n' tried instead on input line 450.

Overfull \hbox (15.08554pt too wide) in paragraph at lines 448--457
 [] 
 []

[18]
<figures/forest_tug_of_war.png, id=326, 1399.43628pt x 363.08447pt>
File: figures/forest_tug_of_war.png Graphic file (type png)
<use figures/forest_tug_of_war.png>
Package pdftex.def Info: figures/forest_tug_of_war.png  used on input line 484.

(pdftex.def)             Requested size: 399.29463pt x 103.5965pt.
<figures/overlap_grid.png, id=332, 1702.6812pt x 418.58784pt>
File: figures/overlap_grid.png Graphic file (type png)
<use figures/overlap_grid.png>
Package pdftex.def Info: figures/overlap_grid.png  used on input line 491.
(pdftex.def)             Requested size: 399.29463pt x 98.16376pt.
<figures/bandwidth_vs_csem.png, id=333, 1245.64572pt x 376.96033pt>
File: figures/bandwidth_vs_csem.png Graphic file (type png)
<use figures/bandwidth_vs_csem.png>
Package pdftex.def Info: figures/bandwidth_vs_csem.png  used on input line 498.

(pdftex.def)             Requested size: 399.29463pt x 120.83682pt.
<figures/omega_cutoff.png, id=334, 1555.53947pt x 375.22585pt>
File: figures/omega_cutoff.png Graphic file (type png)
<use figures/omega_cutoff.png>
Package pdftex.def Info: figures/omega_cutoff.png  used on input line 505.
(pdftex.def)             Requested size: 399.29463pt x 96.31398pt.
<figures/wordy_volatility.png, id=335, 1428.0552pt x 363.08447pt>
File: figures/wordy_volatility.png Graphic file (type png)
<use figures/wordy_volatility.png>
Package pdftex.def Info: figures/wordy_volatility.png  used on input line 512.
(pdftex.def)             Requested size: 399.29463pt x 101.5189pt.
<figures/band_heatmap_last_2.png, id=336, 705.06612pt x 390.83617pt>
File: figures/band_heatmap_last_2.png Graphic file (type png)
<use figures/band_heatmap_last_2.png>
Package pdftex.def Info: figures/band_heatmap_last_2.png  used on input line 51
9.
(pdftex.def)             Requested size: 399.29463pt x 221.33571pt.
<figures/matched_fe_question_only.png, id=337, 1047.915pt x 397.485pt>
File: figures/matched_fe_question_only.png Graphic file (type png)
<use figures/matched_fe_question_only.png>
Package pdftex.def Info: figures/matched_fe_question_only.png  used on input li
ne 526.
(pdftex.def)             Requested size: 399.29463pt x 151.45222pt.
<figures/overlap_image_space.png, id=338, 446.6286pt x 308.44836pt>
File: figures/overlap_image_space.png Graphic file (type png)
<use figures/overlap_image_space.png>
Package pdftex.def Info: figures/overlap_image_space.png  used on input line 53
5.
(pdftex.def)             Requested size: 225.4804pt x 155.72047pt.
<figures/overlap_feature_space.png, id=339, 449.80849pt x 308.44836pt>
File: figures/overlap_feature_space.png Graphic file (type png)
<use figures/overlap_feature_space.png>
Package pdftex.def Info: figures/overlap_feature_space.png  used on input line 
540.
(pdftex.def)             Requested size: 225.4804pt x 154.61914pt.
<figures/wordy_divergence.png, id=342, 904.8204pt x 247.45248pt>
File: figures/wordy_divergence.png Graphic file (type png)
<use figures/wordy_divergence.png>
Package pdftex.def Info: figures/wordy_divergence.png  used on input line 549.
(pdftex.def)             Requested size: 399.29463pt x 109.20036pt.
 [19
pdfTeX warning (ext4): destination with the same identifier (name{figure.1}) ha
s been already used, duplicate ignored
<argument> ...shipout:D \box_use:N \l_shipout_box 
                                                  \__shipout_drop_firstpage_...
l.558 \paragraph
                {Why length anchors.} The mechanism is layer-trajectory. At ...
 <./figures/forest_tug_of_war.png>]

Package natbib Warning: Citation `thrush2022winoground' on page 20 undefined on
 input line 562.


Package natbib Warning: Citation `yuksekgonul2023aro' on page 20 undefined on i
nput line 562.


Package natbib Warning: Citation `sclar2024quantifying' on page 20 undefined on
 input line 562.

[20
pdfTeX warning (ext4): destination with the same identifier (name{figure.2}) ha
s been already used, duplicate ignored
<argument> ...shipout:D \box_use:N \l_shipout_box 
                                                  \__shipout_drop_firstpage_...
l.567 
       <./figures/overlap_grid.png>] [21
pdfTeX warning (ext4): destination with the same identifier (name{figure.3}) ha
s been already used, duplicate ignored
<argument> ...shipout:D \box_use:N \l_shipout_box 
                                                  \__shipout_drop_firstpage_...
l.567 
      
pdfTeX warning (ext4): destination with the same identifier (name{figure.4}) ha
s been already used, duplicate ignored
<argument> ...shipout:D \box_use:N \l_shipout_box 
                                                  \__shipout_drop_firstpage_...
l.567 
       <./figures/bandwidth_vs_csem.png> <./figures/omega_cutoff.png>]

Package natbib Warning: Citation `liu2024llavanext' on page 22 undefined on inp
ut line 569.


Package natbib Warning: Citation `chen2024internvl' on page 22 undefined on inp
ut line 569.


Package natbib Warning: Citation `meng2022locating' on page 22 undefined on inp
ut line 569.

[22
pdfTeX warning (ext4): destination with the same identifier (name{figure.5}) ha
s been already used, duplicate ignored
<argument> ...shipout:D \box_use:N \l_shipout_box 
                                                  \__shipout_drop_firstpage_...
l.573 
       <./figures/wordy_volatility.png>]
No file main.bbl.

Package natbib Warning: There were undefined citations.

[23
pdfTeX warning (ext4): destination with the same identifier (name{figure.6}) ha
s been already used, duplicate ignored
<argument> ...shipout:D \box_use:N \l_shipout_box 
                                                  \__shipout_drop_firstpage_...
l.581 \end{document}
                     <./figures/band_heatmap_last_2.png>] [24
pdfTeX warning (ext4): destination with the same identifier (name{figure.7}) ha
s been already used, duplicate ignored
<argument> ...shipout:D \box_use:N \l_shipout_box 
                                                  \__shipout_drop_firstpage_...
l.581 \end{document}
                     <./figures/matched_fe_question_only.png>] [25
pdfTeX warning (ext4): destination with the same identifier (name{figure.8}) ha
s been already used, duplicate ignored
<argument> ...shipout:D \box_use:N \l_shipout_box 
                                                  \__shipout_drop_firstpage_...
l.581 \end{document}
                    
pdfTeX warning (ext4): destination with the same identifier (name{figure.9}) ha
s been already used, duplicate ignored
<argument> ...shipout:D \box_use:N \l_shipout_box 
                                                  \__shipout_drop_firstpage_...
l.581 \end{document}
                     <./figures/overlap_image_space.png> <./figures/overlap_fea
ture_space.png> <./figures/wordy_divergence.png>] (./main.aux)
 ***********
LaTeX2e <2023-11-01> patch level 1
L3 programming layer <2024-01-22>
 ***********
Package rerunfilecheck Info: File `main.out' has not changed.
(rerunfilecheck)             Checksum: 3AEA1EF6E68D7C6BBFF6B36C40466DBD;7686.
 ) 
Here is how much of TeX's memory you used:
 16305 strings out of 474222
 262960 string characters out of 5748734
 1942975 words of memory out of 5000000
 37956 multiletter control sequences out of 15000+600000
 580049 words of font info for 228 fonts, out of 8000000 for 9000
 1141 hyphenation exceptions out of 8191
 75i,12n,79p,4165b,620s stack positions out of 10000i,1000n,20000p,200000b,200000s
</usr/share/texlive/texmf-dist/fonts/type1/public/amsfonts/cm/cmbx10.pfb></us
r/share/texlive/texmf-dist/fonts/type1/public/amsfonts/cm/cmbx12.pfb></usr/shar
e/texlive/texmf-dist/fonts/type1/public/amsfonts/cm/cmex10.pfb></usr/share/texl
ive/texmf-dist/fonts/type1/public/amsfonts/cm/cmmi10.pfb></usr/share/texlive/te
xmf-dist/fonts/type1/public/amsfonts/cm/cmmi12.pfb></usr/share/texlive/texmf-di
st/fonts/type1/public/amsfonts/cm/cmmi6.pfb></usr/share/texlive/texmf-dist/font
s/type1/public/amsfonts/cm/cmmi7.pfb></usr/share/texlive/texmf-dist/fonts/type1
/public/amsfonts/cm/cmmi8.pfb></usr/share/texlive/texmf-dist/fonts/type1/public
/amsfonts/cm/cmr10.pfb></usr/share/texlive/texmf-dist/fonts/type1/public/amsfon
ts/cm/cmr12.pfb></usr/share/texlive/texmf-dist/fonts/type1/public/amsfonts/cm/c
mr6.pfb></usr/share/texlive/texmf-dist/fonts/type1/public/amsfonts/cm/cmr7.pfb>
</usr/share/texlive/texmf-dist/fonts/type1/public/amsfonts/cm/cmr8.pfb></usr/sh
are/texlive/texmf-dist/fonts/type1/public/amsfonts/cm/cmr9.pfb></usr/share/texl
ive/texmf-dist/fonts/type1/public/amsfonts/cm/cmsy10.pfb></usr/share/texlive/te
xmf-dist/fonts/type1/public/amsfonts/cm/cmsy6.pfb></usr/share/texlive/texmf-dis
t/fonts/type1/public/amsfonts/cm/cmsy7.pfb></usr/share/texlive/texmf-dist/fonts
/type1/public/amsfonts/cm/cmsy8.pfb></usr/share/texlive/texmf-dist/fonts/type1/
public/amsfonts/cm/cmti10.pfb></usr/share/texlive/texmf-dist/fonts/type1/public
/amsfonts/cm/cmtt10.pfb></usr/share/texlive/texmf-dist/fonts/type1/public/amsfo
nts/cm/cmtt8.pfb></usr/share/texlive/texmf-dist/fonts/type1/public/amsfonts/sym
bols/msam10.pfb></usr/share/texlive/texmf-dist/fonts/type1/public/amsfonts/symb
ols/msbm10.pfb></usr/share/texmf/fonts/type1/public/cm-super/sfrm1095.pfb>
Output written on main.pdf (25 pages, 2947530 bytes).
PDF statistics:
 533 PDF objects out of 1000 (max. 8388607)
 429 compressed objects within 5 object streams
 128 named destinations out of 1000 (max. 500000)
 47459 words of extra memory for PDF output out of 51595 (max. 10000000)

